// Jest Snapshot v1, https://goo.gl/fbAQLP

exports[`News Item should render correctly in "debug" mode 1`] = `
<div
  className="newsItem"
>
  <div
    className="section"
  >
    <span
      className="title"
    >
      <a
        href=""
      />
    </span>
    <span
      className="websiteName"
    >
       
      (//undefined)
    </span>
  </div>
  <div
    className="section sublinks"
  >
    <span>
       points
    </span>
    <span>
       by 
    </span>
    <a
      href="/item?id=0"
    >
      <span>
         
        49 years
         ago
      </span>
    </a>
    <a
      href="/item?id=0"
    >
      <span>
         
        0
         Comments
      </span>
    </a>
  </div>
</div>
`;
